Executable<<module>> (range/add.luna):{
  Max registers : 7
  Constants (4)
  Instructions:
  0000: BuildClass r1 names[0]
  0001: StoreGlobalByIndex global[1] r0
  0002: MakeFunction r0 e[2] names[2]
  0003: AddClassMethod r1
  0004: MakeFunction r1 e[3] names[3]
  0005: AddClassMethod r1
  0006: MakeFunction r2 e[4] names[4]
  0007: AddClassMethod r1
  0008: MakeFunction r3 e[5] names[5]
  0009: AddClassMethod r1
  0010: LoadGlobalByIndex r0, global[6]
  0011: Ret r6
  0012: Hlt
}
oto 18
  0014: Mov r11 <- r4
  0015: LoadGlobalByName r1, names[12]
  0016: Call r13 <- r12(r4)
  0017: Jump 12
  0018: Hlt
}
